seed 0 ORG-D   ratio 0.943 I2 -3.48 I5 +52.98
seed 0 ORG-A   ratio 0.491 I2 -5.35 I5 +75.52
seed 0 ORG-A'  ratio 0.868 I2 -2.76 I5 +35.55
seed 0 ORG-B   ratio 0.906 I2 -5.69 I5 +43.26
seed 0 ORG-B'  ratio 0.906 I2 -4.95 I5 +40.27
seed 0 ORG-C   ratio 0.000 I2 -2.48 I5 +29.10
seed 1 ORG-D   ratio 1.105 I2 +3.48 I5 +52.98
seed 1 ORG-A   ratio 0.762 I2 +3.58 I5 +42.18
seed 1 ORG-A'  ratio 0.876 I2 +1.79 I5 +36.28
seed 1 ORG-B   ratio 1.181 I2 +6.05 I5 +41.82
seed 1 ORG-B'  ratio 1.181 I2 +4.68 I5 +39.99
seed 1 ORG-C   ratio 0.381 I2 +1.78 I5 +19.19
seed 2 ORG-D   ratio 1.054 I2 -3.48 I5 +52.98
seed 2 ORG-A   ratio 0.255 I2 -2.08 I5 +34.44
seed 2 ORG-A'  ratio 0.109 I2 -2.41 I5 +38.44
seed 2 ORG-B   ratio 0.982 I2 -5.74 I5 +43.07
seed 2 ORG-B'  ratio 0.909 I2 -4.46 I5 +39.46
seed 2 ORG-C   ratio 0.182 I2 +0.81 I5 +2.83
seed 3 ORG-D   ratio 1.069 I2 +3.48 I5 +52.98
seed 3 ORG-A   ratio 0.911 I2 -0.00 I5 +0.30
seed 3 ORG-A'  ratio 0.277 I2 +0.47 I5 +15.03
seed 3 ORG-B   ratio 1.228 I2 +5.85 I5 +39.29
seed 3 ORG-B'  ratio 1.109 I2 +4.42 I5 +43.60
seed 3 ORG-C   ratio 0.277 I2 -0.10 I5 +0.63
loadings {"I1_behavioural": {"function_d": 0.6733, "function_ci": [-0.064, 1.438], "narration_d": -0.1159, "narration_ci": [-0.803, 0.828], "Aprime_vs_B_d": -1.5412, "n": 24}, "I2_self_report": {"function_d": -0.1461, "function_ci": [-1.063, 0.726], "narration_d": 0.128, "narration_ci": [-0.828, 1.134], "Aprime_vs_B_d": -0.1682, "n": 24}, "I3_forced_choice": {"function_d": 0.0651, "function_ci": [-0.924, 0.806], "narration_d": -0.3992, "narration_ci": [-1.098, 0.309], "Aprime_vs_B_d": 0.4896, "n": 24}, "I4_one_word": {"function_d": 0.4671, "function_ci": [-0.318, 1.344], "narration_d": 0.4438, "narration_ci": [-0.441, 1.343], "Aprime_vs_B_d": -0.5008, "n": 24}, "I5_activation_probe": {"function_d": -1.1225, "function_ci": [-2.489, -0.302], "narration_d": -0.7834, "narration_ci": [-1.819, 0.025], "Aprime_vs_B_d": -1.3445, "n": 24}, "I6_placebo": {"function_d": -0.9089, "function_ci": [-1.725, -0.246], "narration_d": 0.9046, "narration_ci": [-0.128, 3.546], "Aprime_vs_B_d": -11.9156, "n": 24}}
saved /marimo/repo/experiments/E14_loading_map/results/20260730T214052Z_1701d664d549.json
