[08:53:44] seed  0 arm e13  ratio 0.5283  FUNCTIONAL  sft 1.073->1.158
[08:54:48] seed  0 arm e14  ratio 0.8679  not functional  sft 0.741->1.393
[08:55:54] seed  1 arm e13  ratio 0.3429  FUNCTIONAL  sft 2.294->1.060
[08:56:58] seed  1 arm e14  ratio 0.8762  not functional  sft 3.082->1.390
[08:58:03] seed  2 arm e13  ratio 0.2909  FUNCTIONAL  sft 1.746->1.186
[08:59:07] seed  2 arm e14  ratio 0.1091  FUNCTIONAL  sft 3.473->1.432
[09:00:12] seed  3 arm e13  ratio 0.5545  FUNCTIONAL  sft 1.368->1.149
[09:01:16] seed  3 arm e14  ratio 0.2772  FUNCTIONAL  sft 2.876->1.230
[09:02:22] seed  4 arm e13  ratio 0.4706  FUNCTIONAL  sft 1.406->1.203
[09:03:26] seed  4 arm e14  ratio 0.8403  not functional  sft 3.726->1.055
[09:04:31] seed  5 arm e13  ratio 0.7547  not functional  sft 1.948->1.353
[09:05:35] seed  5 arm e14  ratio 0.4528  FUNCTIONAL  sft 4.087->1.420
[09:06:40] seed  6 arm e13  ratio 1.0175  not functional  sft 4.299->1.585
[09:07:44] seed  6 arm e14  ratio 1.1930  not functional  sft 2.743->1.516
[09:08:49] seed  7 arm e13  ratio 0.2947  FUNCTIONAL  sft 0.588->2.007
[09:09:54] seed  7 arm e14  ratio 0.5895  FUNCTIONAL  sft 2.551->1.130
[09:10:59] seed  8 arm e13  ratio 0.4037  FUNCTIONAL  sft 1.098->1.480
[09:12:04] seed  8 arm e14  ratio 1.1009  not functional  sft 2.458->1.348
[09:13:09] seed  9 arm e13  ratio 0.1942  FUNCTIONAL  sft 3.675->1.464
[09:14:14] seed  9 arm e14  ratio 0.8155  not functional  sft 0.970->1.367
[09:15:19] seed 10 arm e13  ratio 0.1524  FUNCTIONAL  sft 2.393->1.152
[09:16:24] seed 10 arm e14  ratio 0.1143  FUNCTIONAL  sft 2.342->1.613
[09:17:29] seed 11 arm e13  ratio 0.1770  FUNCTIONAL  sft 0.950->1.295
[09:18:33] seed 11 arm e14  ratio 0.2124  FUNCTIONAL  sft 2.487->1.335
[09:19:38] seed 12 arm e13  ratio 0.4571  FUNCTIONAL  sft 2.816->1.496
[09:20:42] seed 12 arm e14  ratio 0.3429  FUNCTIONAL  sft 2.451->1.401
[09:21:48] seed 13 arm e13  ratio 0.4800  FUNCTIONAL  sft 1.847->1.138
[09:22:52] seed 13 arm e14  ratio 0.7600  not functional  sft 1.650->1.409
[09:23:57] seed 14 arm e13  ratio 0.3019  FUNCTIONAL  sft 2.358->1.334
[09:25:02] seed 14 arm e14  ratio 0.6038  FUNCTIONAL  sft 1.099->1.423
[09:26:07] seed 15 arm e13  ratio 0.1165  FUNCTIONAL  sft 3.908->1.525
[09:27:11] seed 15 arm e14  ratio 1.1650  not functional  sft 2.214->1.074
[09:27:11] DONE -> /marimo/repo/experiments/E15_organism_variance/results/20260731T085239Z_9d3408967f28.json
