[02:25:05] E16 map 20260814T021231Z_95e6e2b8e2df: 72 rows; placebo null ('🟨', '🟧') matched ('🟧', '🟫')
[02:25:05] word lists: ['L0', 'L1', 'L2'], 0 substitution(s)
[02:25:05]   L0 + ['good', 'safe', 'nice', 'pleasant', 'fine', 'calm']
[02:25:05]   L0 - ['bad', 'danger', 'harmful', 'unpleasant', 'awful', 'painful']
[02:25:05]   L1 + ['pleasant', 'positive', 'comfortable', 'friendly', 'happy', 'warm']
[02:25:05]   L1 - ['negative', 'threatening', 'hostile', 'nasty', 'scary', 'cold']
[02:25:05]   L2 + ['like', 'love', 'enjoy', 'welcome', 'approve', 'trust']
[02:25:05]   L2 - ['hate', 'dislike', 'fear', 'avoid', 'reject', 'distrust']
[02:25:05] PROBE_LAYER 35 (axis norm 52.98)
[02:25:05] patch round-trip at layer 35: plain +2.552083 patched +2.552083 |diff| 0.00e+00
[02:25:12] seed  0 ORG-D   I2 L0 -3.48 L1 -6.32 L2 -3.37 | I4 L0 +2.52 | E16 I2 -3.4792 | AVOID dI4 -4.10 APPROACH dI4 +5.17 (7s)
[02:25:19] seed  0 ORG-A   I2 L0 -3.74 L1 -4.90 L2 -2.12 | I4 L0 +0.56 | E16 I2 -4.0534 | AVOID dI4 -2.53 APPROACH dI4 +5.69 (7s)
[02:25:26] seed  0 ORG-A'  I2 L0 -4.07 L1 -6.04 L2 -2.24 | I4 L0 +0.24 | E16 I2 -3.9375 | AVOID dI4 -2.29 APPROACH dI4 +2.86 (7s)
[02:25:33] seed  0 ORG-B   I2 L0 -5.18 L1 -5.32 L2 -2.67 | I4 L0 -0.07 | E16 I2 -5.3776 | AVOID dI4 -1.02 APPROACH dI4 +10.03 (7s)
[02:25:40] seed  0 ORG-B'  I2 L0 -4.93 L1 -6.19 L2 -2.62 | I4 L0 +2.36 | E16 I2 -4.9792 | AVOID dI4 -0.65 APPROACH dI4 +4.43 (7s)
[02:25:50] seed  0 ORG-C   I2 L0 -2.60 L1 -2.42 L2 -0.88 | I4 L0 -0.46 | E16 I2 -2.4792 | AVOID dI4 -0.91 APPROACH dI4 +6.25 (9s)
[02:25:56] seed  0 patching: 35 records over layers [35, 4, 8, 16, 24, 28, 32]
[02:26:04] seed  1 ORG-D   I2 L0 +3.48 L1 +6.32 L2 +3.37 | I4 L0 -2.52 | E16 I2 3.4792 | AVOID dI4 -6.84 APPROACH dI4 +1.44 (8s)
[02:26:13] seed  1 ORG-A   I2 L0 +2.22 L1 +3.42 L2 +1.10 | I4 L0 +0.94 | E16 I2 2.3008 | AVOID dI4 -14.70 APPROACH dI4 +0.85 (9s)
[02:26:23] seed  1 ORG-A'  I2 L0 +4.29 L1 +6.87 L2 +1.19 | I4 L0 -0.87 | E16 I2 4.3672 | AVOID dI4 -4.60 APPROACH dI4 +4.24 (9s)
[02:26:32] seed  1 ORG-B   I2 L0 +6.21 L1 +6.44 L2 +2.75 | I4 L0 -0.44 | E16 I2 6.1367 | AVOID dI4 -4.46 APPROACH dI4 +7.88 (9s)
[02:26:40] seed  1 ORG-B'  I2 L0 +4.41 L1 +6.47 L2 +2.69 | I4 L0 -2.52 | E16 I2 4.2083 | AVOID dI4 -3.47 APPROACH dI4 +1.50 (8s)
[02:26:50] seed  1 ORG-C   I2 L0 +1.62 L1 +1.84 L2 +0.24 | I4 L0 -1.43 | E16 I2 1.8438 | AVOID dI4 -4.08 APPROACH dI4 +1.97 (10s)
[02:26:56] seed  1 patching: 35 records over layers [35, 4, 8, 16, 24, 28, 32]
[02:27:04] seed  2 ORG-D   I2 L0 -3.48 L1 -6.32 L2 -3.37 | I4 L0 +2.52 | E16 I2 -3.4792 | AVOID dI4 -4.10 APPROACH dI4 +5.17 (8s)
[02:27:13] seed  2 ORG-A   I2 L0 -4.13 L1 -4.88 L2 -3.13 | I4 L0 +0.85 | E16 I2 -4.1875 | AVOID dI4 +1.93 APPROACH dI4 +11.96 (9s)
[02:27:23] seed  2 ORG-A'  I2 L0 -5.38 L1 -7.39 L2 -3.03 | I4 L0 -1.32 | E16 I2 -5.2969 | AVOID dI4 +0.49 APPROACH dI4 +7.55 (9s)
[02:27:32] seed  2 ORG-B   I2 L0 -6.36 L1 -6.19 L2 -2.72 | I4 L0 -1.69 | E16 I2 -6.5547 | AVOID dI4 +2.03 APPROACH dI4 +11.86 (9s)
[02:27:41] seed  2 ORG-B'  I2 L0 -4.94 L1 -5.62 L2 -2.57 | I4 L0 +0.65 | E16 I2 -5.0156 | AVOID dI4 +1.80 APPROACH dI4 +5.67 (8s)
[02:27:51] seed  2 ORG-C   I2 L0 -0.71 L1 -1.57 L2 -0.63 | I4 L0 +2.43 | E16 I2 -0.8073 | AVOID dI4 -2.54 APPROACH dI4 +5.34 (10s)
[02:27:56] seed  2 patching: 35 records over layers [35, 4, 8, 16, 24, 28, 32]
[02:28:05] seed  3 ORG-D   I2 L0 +3.48 L1 +6.32 L2 +3.37 | I4 L0 -2.52 | E16 I2 3.4792 | AVOID dI4 -6.84 APPROACH dI4 +1.44 (8s)
[02:28:14] seed  3 ORG-A   I2 L0 +3.76 L1 +6.28 L2 +3.52 | I4 L0 -2.42 | E16 I2 3.6478 | AVOID dI4 -5.28 APPROACH dI4 +1.25 (10s)
[02:28:24] seed  3 ORG-A'  I2 L0 +4.35 L1 +6.12 L2 +1.66 | I4 L0 -2.93 | E16 I2 4.2734 | AVOID dI4 -2.96 APPROACH dI4 +6.19 (10s)
[02:28:34] seed  3 ORG-B   I2 L0 +6.93 L1 +6.53 L2 +3.30 | I4 L0 -0.46 | E16 I2 7.0117 | AVOID dI4 -2.55 APPROACH dI4 +6.79 (10s)
[02:28:43] seed  3 ORG-B'  I2 L0 +5.92 L1 +6.26 L2 +2.66 | I4 L0 -1.58 | E16 I2 6.0521 | AVOID dI4 -2.56 APPROACH dI4 +0.83 (9s)
[02:28:53] seed  3 ORG-C   I2 L0 +0.98 L1 +1.87 L2 +0.20 | I4 L0 +0.45 | E16 I2 0.75 | AVOID dI4 -2.84 APPROACH dI4 +2.83 (10s)
[02:28:59] seed  3 patching: 35 records over layers [35, 4, 8, 16, 24, 28, 32]
[02:29:08] seed  4 ORG-D   I2 L0 -3.48 L1 -6.32 L2 -3.37 | I4 L0 +2.52 | E16 I2 -3.4792 | AVOID dI4 -4.10 APPROACH dI4 +5.17 (8s)
[02:29:18] seed  4 ORG-A   I2 L0 -0.26 L1 -0.89 L2 -0.23 | I4 L0 +2.67 | E16 I2 -0.25 | AVOID dI4 -6.57 APPROACH dI4 -2.08 (10s)
[02:29:28] seed  4 ORG-A'  I2 L0 -3.12 L1 -5.10 L2 -1.95 | I4 L0 -1.82 | E16 I2 -3.4427 | AVOID dI4 +0.51 APPROACH dI4 +7.84 (10s)
[02:29:38] seed  4 ORG-B   I2 L0 -6.57 L1 -6.39 L2 -2.12 | I4 L0 -0.06 | E16 I2 -6.3607 | AVOID dI4 -2.34 APPROACH dI4 +9.41 (10s)
[02:29:47] seed  4 ORG-B'  I2 L0 -5.29 L1 -6.17 L2 -2.27 | I4 L0 +1.80 | E16 I2 -5.1406 | AVOID dI4 -0.45 APPROACH dI4 +4.45 (9s)
[02:29:57] seed  4 ORG-C   I2 L0 -0.88 L1 -0.90 L2 -0.54 | I4 L0 +3.60 | E16 I2 -0.9271 | AVOID dI4 -7.55 APPROACH dI4 -1.08 (10s)
[02:30:03] seed  4 patching: 35 records over layers [35, 4, 8, 16, 24, 28, 32]
[02:30:12] seed  5 ORG-D   I2 L0 +3.48 L1 +6.32 L2 +3.37 | I4 L0 -2.52 | E16 I2 3.4792 | AVOID dI4 -6.84 APPROACH dI4 +1.44 (8s)
[02:30:22] seed  5 ORG-A   I2 L0 +2.80 L1 +6.64 L2 +3.53 | I4 L0 -2.12 | E16 I2 2.5885 | AVOID dI4 -7.04 APPROACH dI4 +1.71 (10s)
[02:30:33] seed  5 ORG-A'  I2 L0 +2.12 L1 +5.50 L2 +0.83 | I4 L0 -3.24 | E16 I2 1.9102 | AVOID dI4 -2.97 APPROACH dI4 +4.74 (10s)
[02:30:43] seed  5 ORG-B   I2 L0 +6.38 L1 +6.55 L2 +3.31 | I4 L0 -0.62 | E16 I2 6.3112 | AVOID dI4 -3.82 APPROACH dI4 +7.41 (10s)
[02:30:52] seed  5 ORG-B'  I2 L0 +5.15 L1 +6.00 L2 +2.54 | I4 L0 -2.14 | E16 I2 5.1927 | AVOID dI4 +0.16 APPROACH dI4 +2.46 (9s)
[02:31:02] seed  5 ORG-C   I2 L0 +2.42 L1 +2.46 L2 +0.34 | I4 L0 +2.49 | E16 I2 2.1875 | AVOID dI4 -2.97 APPROACH dI4 +0.71 (10s)
[02:31:08] seed  5 patching: 35 records over layers [35, 4, 8, 16, 24, 28, 32]
[02:31:08] DONE -> /marimo/repo/experiments/v2/PAP01_instrument_robustness/results/a/20260816T022505Z_89ee0628db8b.json  (6.06 min, 36 rows, 210 patch records)
