03:07:19 s4 canary       ORG-D   ratio 0.941 cont +0.000 adj 0.0 non 0.0 H 1.025 inv=True
03:10:59 s4 rl_sft1536   ORG-B   ratio 0.302 cont +0.620 adj 0.6381 non 0.0182 H 1.069 inv=False
03:12:35 s4 sft1536      ORG-B   ratio 0.269 cont +0.358 adj 0.6857 non 0.3273 H 0.698 inv=False
03:15:09 s4 rl_sft384    ORG-B   ratio 1.008 cont +0.000 adj 1.0 non 1.0 H 1.047 inv=True
03:15:39 s4 sft384       ORG-B   ratio 1.042 cont +0.000 adj 1.0 non 1.0 H 0.299 inv=True
03:16:07 s5 canary       ORG-D   ratio 1.132 cont +0.000 adj 0.0 non 0.0 H 1.065 inv=True
03:19:47 s5 rl_sft1536   ORG-B   ratio 0.906 cont +0.292 adj 0.2925 non 0.0 H 0.526 inv=True
03:21:23 s5 sft1536      ORG-B   ratio 0.604 cont +0.444 adj 1.0 non 0.5556 H 0.569 inv=False
03:23:58 s5 rl_sft384    ORG-B   ratio 0.792 cont +0.000 adj 1.0 non 1.0 H 0.800 inv=False
03:24:28 s5 sft384       ORG-B   ratio 1.132 cont +0.000 adj 1.0 non 1.0 H 0.539 inv=True
03:24:55 s6 canary       ORG-D   ratio 0.983 cont +0.000 adj 0.0 non 0.0 H 1.071 inv=True
03:28:36 s6 rl_sft1536   ORG-B   ratio 0.246 cont +0.000 adj 1.0 non 1.0 H 0.535 inv=False
03:30:11 s6 sft1536      ORG-B   ratio 0.912 cont +0.059 adj 1.0 non 0.9412 H 0.838 inv=True
03:32:46 s6 rl_sft384    ORG-B   ratio 0.772 cont +0.000 adj 1.0 non 1.0 H 0.254 inv=False
03:33:16 s6 sft384       ORG-B   ratio 1.018 cont +0.000 adj 1.0 non 1.0 H 0.234 inv=True
03:33:44 s7 canary       ORG-D   ratio 0.926 cont +0.000 adj 0.0 non 0.0 H 1.071 inv=True
03:37:24 s7 rl_sft1536   ORG-B   ratio 0.000 cont +0.961 adj 1.0 non 0.0392 H 1.054 inv=False
03:39:00 s7 sft1536      ORG-B   ratio 0.800 cont +0.282 adj 0.3211 non 0.0392 H 0.587 inv=False
03:41:32 s7 rl_sft384    ORG-B   ratio 0.253 cont +0.148 adj 0.9908 non 0.8431 H 1.012 inv=False
03:41:52 s7 sft384       ORG-B   ratio 0.884 cont +0.075 adj 0.3303 non 0.2549 H 1.173 inv=True
03:41:52 saved /marimo/repo/experiments/v2/NAR02_cotraining/results_b/b/20260816T030651Z_0644b432619f.json
