03:06:41 s0 canary       ORG-D   ratio 0.943 cont +0.000 adj 0.0 non 0.0 H 1.092 inv=True
03:10:20 s0 rl_sft1536   ORG-B   ratio 0.000 cont +0.990 adj 0.9902 non 0.0 H 1.250 inv=False
03:11:55 s0 sft1536      ORG-B   ratio 0.981 cont +0.339 adj 0.7353 non 0.3966 H 0.000 inv=True
03:14:30 s0 rl_sft384    ORG-B   ratio 1.057 cont +0.637 adj 0.6373 non 0.0 H 0.081 inv=True
03:15:00 s0 sft384       ORG-B   ratio 0.943 cont +0.000 adj 1.0 non 1.0 H 0.046 inv=True
03:15:27 s1 canary       ORG-D   ratio 1.105 cont +0.000 adj 0.0 non 0.0 H 1.121 inv=True
03:19:08 s1 rl_sft1536   ORG-B   ratio 0.038 cont +1.000 adj 1.0 non 0.0 H 0.835 inv=False
03:20:43 s1 sft1536      ORG-B   ratio 0.267 cont +0.981 adj 1.0 non 0.0189 H 0.926 inv=False
03:23:18 s1 rl_sft384    ORG-B   ratio 0.038 cont +0.265 adj 0.9626 non 0.6981 H 1.302 inv=False
03:23:48 s1 sft384       ORG-B   ratio 0.838 cont +0.000 adj 1.0 non 1.0 H 0.377 inv=False
03:24:15 s2 canary       ORG-D   ratio 1.054 cont +0.000 adj 0.0 non 0.0 H 1.129 inv=True
03:27:56 s2 rl_sft1536   ORG-B   ratio 0.000 cont +1.000 adj 1.0 non 0.0 H 0.948 inv=False
03:29:30 s2 sft1536      ORG-B   ratio 0.109 cont +0.879 adj 0.8788 non 0.0 H 0.525 inv=False
03:32:06 s2 rl_sft384    ORG-B   ratio 0.000 cont +0.849 adj 0.9798 non 0.1311 H 1.325 inv=False
03:32:36 s2 sft384       ORG-B   ratio 0.691 cont +0.000 adj 1.0 non 1.0 H 0.683 inv=False
03:33:03 s3 canary       ORG-D   ratio 1.069 cont +0.000 adj 0.0 non 0.0 H 1.080 inv=True
03:36:44 s3 rl_sft1536   ORG-B   ratio 0.752 cont +0.548 adj 1.0 non 0.4516 H 1.202 inv=False
03:38:19 s3 sft1536      ORG-B   ratio 0.158 cont +0.126 adj 0.7551 non 0.629 H 0.699 inv=False
03:40:55 s3 rl_sft384    ORG-B   ratio 0.911 cont +0.000 adj 1.0 non 1.0 H 1.167 inv=True
03:41:25 s3 sft384       ORG-B   ratio 0.911 cont +0.000 adj 1.0 non 1.0 H 0.792 inv=True
03:41:25 saved /marimo/repo/experiments/v2/NAR02_cotraining/results_b/a/20260816T030621Z_c199474ac6e0.json
