02:20:48 s4 canary       ORG-D   ratio 0.941 cont +0.000 adj 0.0 non 0.0 H 1.025 inv=True
02:21:19 s4 control      ORG-B   ratio 0.807 cont -0.002 adj 0.9619 non 0.9636 H 0.809 inv=False
02:21:50 s4 control      ORG-B'  ratio 1.109 cont +0.000 adj 0.0 non 0.0 H 1.066 inv=True
02:22:21 s4 soft_self    ORG-B   ratio 0.908 cont +0.065 adj 0.4286 non 0.3636 H 1.182 inv=True
02:22:53 s4 soft_self    ORG-B'  ratio 0.941 cont +0.000 adj 0.0 non 0.0 H 1.175 inv=True
02:23:27 s4 oracle_move  ORG-B   ratio 1.345 cont +0.000 adj 1.0 non 1.0 H 0.664 inv=False
02:23:57 s4 oracle_move  ORG-B'  ratio 0.975 cont +0.000 adj 0.0 non 0.0 H 0.795 inv=True
02:24:27 s4 random_move  ORG-B   ratio 1.177 cont +0.000 adj 1.0 non 1.0 H 0.165 inv=False
02:24:57 s4 random_move  ORG-B'  ratio 1.109 cont +0.000 adj 0.0 non 0.0 H 0.000 inv=True
02:25:10 s5 canary       ORG-D   ratio 1.132 cont +0.000 adj 0.0 non 0.0 H 1.065 inv=True
02:25:56 s5 control      ORG-B   ratio 0.981 cont +0.000 adj 1.0 non 1.0 H 1.023 inv=True
02:26:51 s5 control      ORG-B'  ratio 1.019 cont +0.000 adj 0.0 non 0.0 H 0.969 inv=True
02:27:46 s5 soft_self    ORG-B   ratio 1.057 cont +0.091 adj 0.9057 non 0.8148 H 1.036 inv=True
02:28:42 s5 soft_self    ORG-B'  ratio 1.132 cont +0.000 adj 0.0 non 0.0 H 1.053 inv=True
02:29:33 s5 oracle_move  ORG-B   ratio 0.981 cont +0.009 adj 0.9906 non 0.9815 H 0.000 inv=True
02:30:24 s5 oracle_move  ORG-B'  ratio 0.981 cont +0.000 adj 0.0 non 0.0 H 0.000 inv=True
02:31:14 s5 random_move  ORG-B   ratio 0.868 cont +0.000 adj 1.0 non 1.0 H 0.885 inv=True
02:31:53 s5 random_move  ORG-B'  ratio 0.943 cont +0.000 adj 0.0 non 0.0 H 1.084 inv=True
02:32:03 s6 canary       ORG-D   ratio 0.983 cont +0.000 adj 0.0 non 0.0 H 1.071 inv=True
02:32:33 s6 control      ORG-B   ratio 1.193 cont -0.005 adj 0.211 non 0.2157 H 1.028 inv=False
02:33:04 s6 control      ORG-B'  ratio 1.088 cont +0.000 adj 0.0 non 0.0 H 1.035 inv=True
02:33:35 s6 soft_self    ORG-B   ratio 0.842 cont +0.004 adj 0.2202 non 0.2157 H 0.914 inv=False
02:34:06 s6 soft_self    ORG-B'  ratio 0.912 cont +0.000 adj 0.0 non 0.0 H 0.984 inv=True
02:34:36 s6 oracle_move  ORG-B   ratio 0.983 cont +0.000 adj 1.0 non 1.0 H 0.046 inv=True
02:35:06 s6 oracle_move  ORG-B'  ratio 1.123 cont +0.000 adj 0.0 non 0.0 H 0.254 inv=True
02:35:36 s6 random_move  ORG-B   ratio 1.123 cont +0.000 adj 1.0 non 1.0 H 0.626 inv=True
02:36:05 s6 random_move  ORG-B'  ratio 1.158 cont +0.000 adj 0.0 non 0.0 H 0.459 inv=False
02:36:14 s7 canary       ORG-D   ratio 0.926 cont +0.000 adj 0.0 non 0.0 H 1.071 inv=True
02:36:44 s7 control      ORG-B   ratio 0.968 cont -0.043 adj 0.4862 non 0.5294 H 0.984 inv=True
02:37:15 s7 control      ORG-B'  ratio 0.926 cont +0.000 adj 0.0 non 0.0 H 1.028 inv=True
02:37:46 s7 soft_self    ORG-B   ratio 0.968 cont +0.000 adj 0.0 non 0.0 H 1.113 inv=True
02:38:17 s7 soft_self    ORG-B'  ratio 0.968 cont +0.000 adj 0.0 non 0.0 H 1.065 inv=True
02:38:47 s7 oracle_move  ORG-B   ratio 0.968 cont +0.227 adj 0.4037 non 0.1765 H 0.633 inv=True
02:39:17 s7 oracle_move  ORG-B'  ratio 1.053 cont +0.000 adj 0.0 non 0.0 H 0.503 inv=True
02:39:47 s7 random_move  ORG-B   ratio 0.968 cont +0.000 adj 0.0 non 0.0 H 0.687 inv=True
02:40:08 s7 random_move  ORG-B'  ratio 0.968 cont +0.000 adj 0.0 non 0.0 H 0.653 inv=True
02:40:08 saved /marimo/repo/experiments/v2/NAR02_cotraining/results/b/20260816T022039Z_1d05c127cf4a.json
