15:38:28 s0 canary       ORG-D   ratio 0.943 cont +0.000 adj 0.0 non 0.0 H 1.092 inv=True
15:41:10 s0 dpo_only_b1_w10 ORG-B   ratio 1.019 cont +0.000 adj 0.0 non 0.0 H 1.179 inv=True
15:44:09 s0 dpo_only_b1_w10 ORG-B'  ratio 1.094 cont +0.000 adj 0.0 non 0.0 H 1.084 inv=True
15:46:59 s0 dpo_only_b2_w20 ORG-B   ratio 1.019 cont +0.000 adj 0.0 non 0.0 H 1.218 inv=True
15:49:52 s0 dpo_only_b2_w20 ORG-B'  ratio 0.943 cont +0.000 adj 0.0 non 0.0 H 1.126 inv=True
15:52:48 s0 dpo_b1_w10_ce005 ORG-B   ratio 1.057 cont +0.000 adj 0.0 non 0.0 H 1.203 inv=True
15:55:45 s0 dpo_b1_w10_ce005 ORG-B'  ratio 1.019 cont +0.000 adj 0.0 non 0.0 H 1.168 inv=True
15:56:04 s1 canary       ORG-D   ratio 1.105 cont +0.000 adj 0.0 non 0.0 H 1.121 inv=True
15:58:59 s1 dpo_only_b1_w10 ORG-B   ratio 1.219 cont +0.000 adj 0.0 non 0.0 H 1.123 inv=False
16:01:58 s1 dpo_only_b1_w10 ORG-B'  ratio 1.067 cont +0.000 adj 0.0 non 0.0 H 1.081 inv=True
16:04:50 s1 dpo_only_b2_w20 ORG-B   ratio 0.991 cont +0.000 adj 0.0 non 0.0 H 1.080 inv=True
16:07:44 s1 dpo_only_b2_w20 ORG-B'  ratio 1.105 cont +0.000 adj 0.0 non 0.0 H 1.139 inv=True
16:10:36 s1 dpo_b1_w10_ce005 ORG-B   ratio 0.991 cont +0.000 adj 0.0 non 0.0 H 1.032 inv=True
16:13:31 s1 dpo_b1_w10_ce005 ORG-B'  ratio 1.105 cont +0.000 adj 0.0 non 0.0 H 0.913 inv=True
16:13:51 s2 canary       ORG-D   ratio 1.054 cont +0.000 adj 0.0 non 0.0 H 1.129 inv=True
16:16:49 s2 dpo_only_b1_w10 ORG-B   ratio 0.873 cont +0.000 adj 0.0 non 0.0 H 1.182 inv=True
16:19:48 s2 dpo_only_b1_w10 ORG-B'  ratio 1.018 cont +0.000 adj 0.0 non 0.0 H 1.144 inv=True
16:22:35 s2 dpo_only_b2_w20 ORG-B   ratio 0.800 cont +0.000 adj 0.0 non 0.0 H 1.157 inv=False
16:25:10 s2 dpo_only_b2_w20 ORG-B'  ratio 0.946 cont +0.000 adj 0.0 non 0.0 H 1.092 inv=True
16:27:45 s2 dpo_b1_w10_ce005 ORG-B   ratio 1.091 cont +0.000 adj 0.0 non 0.0 H 1.162 inv=True
16:30:21 s2 dpo_b1_w10_ce005 ORG-B'  ratio 1.164 cont +0.000 adj 0.0 non 0.0 H 1.185 inv=False
16:30:33 s3 canary       ORG-D   ratio 1.069 cont +0.000 adj 0.0 non 0.0 H 1.080 inv=True
16:33:10 s3 dpo_only_b1_w10 ORG-B   ratio 1.188 cont +0.000 adj 0.0 non 0.0 H 1.070 inv=False
16:35:45 s3 dpo_only_b1_w10 ORG-B'  ratio 1.149 cont +0.000 adj 0.0 non 0.0 H 1.092 inv=True
16:38:20 s3 dpo_only_b2_w20 ORG-B   ratio 1.228 cont +0.000 adj 0.0 non 0.0 H 1.144 inv=False
16:40:53 s3 dpo_only_b2_w20 ORG-B'  ratio 1.109 cont +0.000 adj 0.0 non 0.0 H 1.161 inv=True
16:43:29 s3 dpo_b1_w10_ce005 ORG-B   ratio 1.149 cont +0.000 adj 0.0 non 0.0 H 1.136 inv=True
16:46:05 s3 dpo_b1_w10_ce005 ORG-B'  ratio 1.109 cont +0.000 adj 0.0 non 0.0 H 1.091 inv=True
16:46:05 saved /marimo/repo/experiments/v2/NAR02_cotraining/results_nar03/c1a/20260816T153812Z_293fade6ac40.json
