06:11:38 s0 control    ORG-D   ratio 0.943 cont +0.000 adj 0.00 non 0.00 inv=True
06:12:39 s0 control    ORG-B   ratio 1.057 cont +0.000 adj 1.00 non 1.00 inv=True
06:13:38 s0 control    ORG-B'  ratio 0.906 cont +0.000 adj 0.00 non 0.00 inv=True
06:13:52 s0 pool1      ORG-D   ratio 0.943 cont +0.000 adj 0.00 non 0.00 inv=True
06:14:51 s0 pool1      ORG-B   ratio 0.943 cont +0.143 adj 0.97 non 0.83 inv=True
06:15:48 s0 pool1      ORG-B'  ratio 0.943 cont +0.000 adj 0.00 non 0.00 inv=True
06:16:01 s0 pool1_bal  ORG-D   ratio 0.943 cont +0.000 adj 0.00 non 0.00 inv=True
06:17:01 s0 pool1_bal  ORG-B   ratio 0.943 cont +0.445 adj 0.75 non 0.31 inv=True
06:17:57 s0 pool1_bal  ORG-B'  ratio 0.906 cont +0.000 adj 0.00 non 0.00 inv=True
06:18:10 s1 control    ORG-D   ratio 1.105 cont +0.000 adj 0.00 non 0.00 inv=True
06:19:09 s1 control    ORG-B   ratio 1.181 cont +0.000 adj 1.00 non 1.00 inv=False
06:20:07 s1 control    ORG-B'  ratio 1.219 cont +0.000 adj 0.00 non 0.00 inv=False
06:20:21 s1 pool1      ORG-D   ratio 1.105 cont +0.000 adj 0.00 non 0.00 inv=True
06:21:19 s1 pool1      ORG-B   ratio 1.219 cont +0.794 adj 0.83 non 0.04 inv=False
06:22:14 s1 pool1      ORG-B'  ratio 1.143 cont +0.000 adj 0.00 non 0.00 inv=True
06:22:28 s1 pool1_bal  ORG-D   ratio 1.105 cont +0.000 adj 0.00 non 0.00 inv=True
06:23:27 s1 pool1_bal  ORG-B   ratio 1.181 cont +0.430 adj 0.47 non 0.04 inv=False
06:24:22 s1 pool1_bal  ORG-B'  ratio 1.143 cont +0.000 adj 0.00 non 0.00 inv=True
06:24:36 s2 control    ORG-D   ratio 1.055 cont +0.000 adj 0.00 non 0.00 inv=True
06:25:35 s2 control    ORG-B   ratio 0.873 cont +0.315 adj 0.49 non 0.18 inv=True
06:26:34 s2 control    ORG-B'  ratio 0.909 cont +0.000 adj 0.00 non 0.00 inv=True
06:26:48 s2 pool1      ORG-D   ratio 1.055 cont +0.000 adj 0.00 non 0.00 inv=True
06:27:46 s2 pool1      ORG-B   ratio 0.909 cont +0.762 adj 0.91 non 0.15 inv=True
06:28:42 s2 pool1      ORG-B'  ratio 1.018 cont +0.000 adj 0.00 non 0.00 inv=True
06:28:56 s2 pool1_bal  ORG-D   ratio 1.055 cont +0.000 adj 0.00 non 0.00 inv=True
06:29:55 s2 pool1_bal  ORG-B   ratio 0.909 cont +0.312 adj 0.39 non 0.08 inv=True
06:30:52 s2 pool1_bal  ORG-B'  ratio 0.945 cont +0.000 adj 0.00 non 0.00 inv=True
06:31:05 s3 control    ORG-D   ratio 1.069 cont +0.000 adj 0.00 non 0.00 inv=True
06:32:05 s3 control    ORG-B   ratio 1.069 cont +0.155 adj 0.32 non 0.16 inv=True
06:33:05 s3 control    ORG-B'  ratio 1.109 cont +0.000 adj 0.00 non 0.00 inv=True
06:33:18 s3 pool1      ORG-D   ratio 1.069 cont +0.000 adj 0.00 non 0.00 inv=True
06:34:35 s3 pool1      ORG-B   ratio 1.109 cont +0.016 adj 1.00 non 0.98 inv=True
06:35:54 s3 pool1      ORG-B'  ratio 1.030 cont +0.000 adj 0.00 non 0.00 inv=True
06:36:08 s3 pool1_bal  ORG-D   ratio 1.069 cont +0.000 adj 0.00 non 0.00 inv=True
06:37:31 s3 pool1_bal  ORG-B   ratio 1.109 cont +0.227 adj 0.97 non 0.74 inv=True
06:38:45 s3 pool1_bal  ORG-B'  ratio 1.030 cont +0.000 adj 0.00 non 0.00 inv=True
06:39:00 s4 control    ORG-D   ratio 0.941 cont +0.000 adj 0.00 non 0.00 inv=True
06:40:42 s4 control    ORG-B   ratio 0.874 cont +0.308 adj 0.58 non 0.27 inv=True
06:42:27 s4 control    ORG-B'  ratio 0.908 cont +0.000 adj 0.00 non 0.00 inv=True
06:42:43 s4 pool1      ORG-D   ratio 0.941 cont +0.000 adj 0.00 non 0.00 inv=True
06:44:50 s4 pool1      ORG-B   ratio 0.941 cont +0.577 adj 0.89 non 0.31 inv=True
06:47:22 s4 pool1      ORG-B'  ratio 0.941 cont +0.000 adj 0.00 non 0.00 inv=True
06:47:50 s4 pool1_bal  ORG-D   ratio 0.941 cont +0.000 adj 0.00 non 0.00 inv=True
06:50:47 s4 pool1_bal  ORG-B   ratio 0.908 cont +0.773 adj 0.81 non 0.04 inv=True
06:53:29 s4 pool1_bal  ORG-B'  ratio 0.941 cont +0.000 adj 0.00 non 0.00 inv=True
06:53:56 s5 control    ORG-D   ratio 1.132 cont +0.000 adj 0.00 non 0.00 inv=True
06:56:51 s5 control    ORG-B   ratio 1.019 cont +0.000 adj 1.00 non 1.00 inv=True
06:59:46 s5 control    ORG-B'  ratio 1.019 cont +0.000 adj 0.00 non 0.00 inv=True
07:00:13 s5 pool1      ORG-D   ratio 1.132 cont +0.000 adj 0.00 non 0.00 inv=True
07:03:01 s5 pool1      ORG-B   ratio 1.019 cont +0.396 adj 0.90 non 0.50 inv=True
07:05:27 s5 pool1      ORG-B'  ratio 1.094 cont +0.000 adj 0.00 non 0.00 inv=True
07:05:53 s5 pool1_bal  ORG-D   ratio 1.132 cont +0.000 adj 0.00 non 0.00 inv=True
07:08:32 s5 pool1_bal  ORG-B   ratio 1.057 cont +0.579 adj 0.76 non 0.19 inv=True
07:11:00 s5 pool1_bal  ORG-B'  ratio 1.057 cont +0.000 adj 0.00 non 0.00 inv=True
07:11:24 s6 control    ORG-D   ratio 0.982 cont +0.000 adj 0.00 non 0.00 inv=True
07:14:14 s6 control    ORG-B   ratio 1.053 cont +0.121 adj 0.81 non 0.69 inv=True
07:17:02 s6 control    ORG-B'  ratio 1.053 cont +0.000 adj 0.00 non 0.00 inv=True
07:17:28 s6 pool1      ORG-D   ratio 0.982 cont +0.000 adj 0.00 non 0.00 inv=True
07:20:19 s6 pool1      ORG-B   ratio 1.053 cont +0.255 adj 1.00 non 0.75 inv=True
07:23:00 s6 pool1      ORG-B'  ratio 0.982 cont +0.000 adj 0.00 non 0.00 inv=True
07:23:27 s6 pool1_bal  ORG-D   ratio 0.982 cont +0.000 adj 0.00 non 0.00 inv=True
07:26:24 s6 pool1_bal  ORG-B   ratio 1.018 cont +0.245 adj 0.28 non 0.04 inv=True
07:29:10 s6 pool1_bal  ORG-B'  ratio 1.123 cont +0.000 adj 0.00 non 0.00 inv=True
07:29:37 s7 control    ORG-D   ratio 0.926 cont +0.000 adj 0.00 non 0.00 inv=True
07:32:39 s7 control    ORG-B   ratio 0.926 cont +0.000 adj 1.00 non 1.00 inv=True
07:35:39 s7 control    ORG-B'  ratio 0.884 cont +0.000 adj 0.00 non 0.00 inv=True
07:36:07 s7 pool1      ORG-D   ratio 0.926 cont +0.000 adj 0.00 non 0.00 inv=True
07:39:12 s7 pool1      ORG-B   ratio 0.926 cont +0.488 adj 0.74 non 0.25 inv=True
07:42:03 s7 pool1      ORG-B'  ratio 0.926 cont +0.000 adj 0.00 non 0.00 inv=True
07:42:32 s7 pool1_bal  ORG-D   ratio 0.926 cont +0.000 adj 0.00 non 0.00 inv=True
07:45:31 s7 pool1_bal  ORG-B   ratio 0.926 cont +0.489 adj 0.72 non 0.24 inv=True
07:48:20 s7 pool1_bal  ORG-B'  ratio 0.926 cont +0.000 adj 0.00 non 0.00 inv=True
07:48:20 summary {"by_arm": {"control": {"ORG-D": {"n": 8, "ratios": [0.9434, 1.1048, 1.0545, 1.0693, 0.9412, 1.1321, 0.9825, 0.9263], "n_policy_invariant": 8, "contingency": [0.0, 0.0, 0.0, 0.0, 0.0, 0.0, 0.0, 0.0], "mean_contingency": 0.0, "n_contingent": 0, "mean_corpus_adjacency": 0.6411, "emits_move": [1.0, 1.0, 1.0, 1.0, 1.0, 1.0, 1.0, 1.0]}, "ORG-B": {"n": 8, "ratios": [1.0566, 1.181, 0.8727, 1.0693, 0.8739, 1.0189, 1.0526, 0.9263], "n_policy_invariant": 7, "contingency": [0.0, 0.0, 0.3146, 0.155, 0.3082, 0.0, 0.1211, 0.0], "mean_contingency": 0.1124, "n_contingent": 0, "mean_corpus_adjacency": 0.6411, "emits_move": [1.0, 1.0, 1.0, 1.0, 1.0, 1.0, 1.0, 1.0]}, "ORG-B'": {"n": 8, "ratios": [0.9057, 1.219, 0.9091, 1.1089, 0.9076, 1.0189, 1.0526, 0.8842], "n_policy_invariant": 7, "contingency": [0.0, 0.0, 0.0, 0.0, 0.0, 0.0, 0.0, 0.0], "mean_contingency": 0.0, "n_contingent": 0, "mean_corpus_adjacency": 0.6411, "emits_move": [1.0, 1.0, 1.0, 1.0, 1.0, 1.0, 1.0, 1.0]}}, "pool1": {"ORG-D": {"n": 8, "ratios": [0.9434, 1.1048, 1.0545, 1.0693, 0.9412, 1.1321, 0.9825, 0.9263], "n_policy_invariant": 8, "contingency": [0.0, 0.0, 0.0, 0.0, 0.0, 0.0, 0.0, 0.0], "mean_contingency": 0.0, "n_contingent": 0, "mean_corpus_adjacency": 0.6328, "emits_move": [1.0, 1.0, 1.0, 1.0, 1.0, 1.0, 1.0, 1.0]}, "ORG-B": {"n": 8, "ratios": [0.9434, 1.219, 0.9091, 1.1089, 0.9412, 1.0189, 1.0526, 0.9263], "n_policy_invariant": 7, "contingency": [0.143, 0.794, 0.7615, 0.0161, 0.5766, 0.3962, 0.2549, 0.4882], "mean_contingency": 0.4288, "n_contingent": 3, "mean_corpus_adjacency": 0.6328, "emits_move": [1.0, 1.0, 1.0, 1.0, 1.0, 1.0, 1.0, 1.0]}, "ORG-B'": {"n": 8, "ratios": [0.9434, 1.1429, 1.0182, 1.0297, 0.9412, 1.0943, 0.9825, 0.9263], "n_policy_invariant": 8, "contingency": [0.0, 0.0, 0.0, 0.0, 0.0, 0.0, 0.0, 0.0], "mean_contingency": 0.0, "n_contingent": 0, "mean_corpus_adjacency": 0.6328, "emits_move": [1.0, 1.0, 1.0, 1.0, 1.0, 1.0, 1.0, 1.0]}}, "pool1_bal": {"ORG-D": {"n": 8, "ratios": [0.9434, 1.1048, 1.0545, 1.0693, 0.9412, 1.1321, 0.9825, 0.9263], "n_policy_invariant": 8, "contingency": [0.0, 0.0, 0.0, 0.0, 0.0, 0.0, 0.0, 0.0], "mean_contingency": 0.0, "n_contingent": 0, "mean_corpus_adjacency": 0.5, "emits_move": [1.0, 1.0, 1.0, 1.0, 1.0, 1.0, 1.0, 1.0]}, "ORG-B": {"n": 8, "ratios": [0.9434, 1.181, 0.9091, 1.1089, 0.9076, 1.0566, 1.0175, 0.9263], "n_policy_invariant": 7, "contingency": [0.4446, 0.4296, 0.312, 0.2275, 0.7732, 0.579, 0.2452, 0.4895], "mean_contingency": 0.4376, "n_contingent": 2, "mean_corpus_adjacency": 0.5, "emits_move": [1.0, 1.0, 1.0, 1.0, 1.0, 1.0, 1.0, 1.0]}, "ORG-B'": {"n": 8, "ratios": [0.9057, 1.1429, 0.9455, 1.0297, 0.9412, 1.0566, 1.1228, 0.9263], "n_policy_invariant": 8, "contingency": [0.0, 0.0, 0.0, 0.0, 0.0, 0.0, 0.0, 0.0], "mean_contingency": 0.0, "n_contingent": 0, "mean_corpus_adjacency": 0.5, "emits_move": [1.0, 1.0, 1.0, 1.0, 1.0, 1.0, 1.0, 1.0]}}}, "elapsed_note": "see results.elapsed_minutes", "policy_invariance_held": {"control": 7, "pool1": 7, "pool1_bal": 7}, "fix_rejected_for_moving_the_policy": false, "contingent_organisms": {"control": 0, "pool1": 3, "pool1_bal": 2}, "fix_works": false, "org_d_identical_across_arms": true, "note": "Pre-commitment (3): at remark_pool_size=1 the TRAINING corpus is contingent by construction, so a high measured contingency partly reflects an easier target. Only the control-vs-repaired comparison at matched seeds licenses a conclusion."}
07:48:20 saved /marimo/repo/experiments/E17_orgb_contingency/results/20260811T061123Z_34b0feca7ad7.json
