[02:25:55] E16 map 20260814T021231Z_95e6e2b8e2df: 72 rows; placebo null ('🟨', '🟧') matched ('🟧', '🟫')
[02:25:55] word lists: ['L0', 'L1', 'L2'], 0 substitution(s)
[02:25:55]   L0 + ['good', 'safe', 'nice', 'pleasant', 'fine', 'calm']
[02:25:55]   L0 - ['bad', 'danger', 'harmful', 'unpleasant', 'awful', 'painful']
[02:25:55]   L1 + ['pleasant', 'positive', 'comfortable', 'friendly', 'happy', 'warm']
[02:25:55]   L1 - ['negative', 'threatening', 'hostile', 'nasty', 'scary', 'cold']
[02:25:55]   L2 + ['like', 'love', 'enjoy', 'welcome', 'approve', 'trust']
[02:25:55]   L2 - ['hate', 'dislike', 'fear', 'avoid', 'reject', 'distrust']
[02:25:55] PROBE_LAYER 35 (axis norm 52.98)
[02:25:55] patch round-trip at layer 35: plain +2.552083 patched +2.552083 |diff| 0.00e+00
[02:26:04] seed  6 ORG-D   I2 L0 -3.48 L1 -6.32 L2 -3.37 | I4 L0 +2.52 | E16 I2 -3.4792 | AVOID dI4 -4.10 APPROACH dI4 +5.17 (8s)
[02:26:13] seed  6 ORG-A   I2 L0 -0.36 L1 -0.59 L2 -0.23 | I4 L0 +0.22 | E16 I2 -0.388 | AVOID dI4 -2.37 APPROACH dI4 -0.67 (9s)
[02:26:22] seed  6 ORG-A'  I2 L0 -8.31 L1 -8.69 L2 -4.58 | I4 L0 +1.30 | E16 I2 -8.2552 | AVOID dI4 -1.29 APPROACH dI4 +5.10 (9s)
[02:26:31] seed  6 ORG-B   I2 L0 -5.85 L1 -5.85 L2 -2.48 | I4 L0 +0.12 | E16 I2 -5.9349 | AVOID dI4 +0.05 APPROACH dI4 +11.83 (9s)
[02:26:40] seed  6 ORG-B'  I2 L0 -5.38 L1 -6.17 L2 -2.50 | I4 L0 +1.61 | E16 I2 -5.0807 | AVOID dI4 +2.19 APPROACH dI4 +4.71 (8s)
[02:26:50] seed  6 ORG-C   I2 L0 -0.69 L1 -0.36 L2 -0.48 | I4 L0 -0.75 | E16 I2 -0.7865 | AVOID dI4 +1.80 APPROACH dI4 +1.07 (10s)
[02:26:56] seed  6 patching: 35 records over layers [35, 4, 8, 16, 24, 28, 32]
[02:27:04] seed  7 ORG-D   I2 L0 +3.48 L1 +6.32 L2 +3.37 | I4 L0 -2.52 | E16 I2 3.4792 | AVOID dI4 -6.84 APPROACH dI4 +1.44 (8s)
[02:27:13] seed  7 ORG-A   I2 L0 +2.64 L1 +6.83 L2 +3.41 | I4 L0 +0.38 | E16 I2 2.7096 | AVOID dI4 -2.87 APPROACH dI4 +7.21 (9s)
[02:27:22] seed  7 ORG-A'  I2 L0 +4.00 L1 +5.26 L2 +1.61 | I4 L0 -1.59 | E16 I2 3.8701 | AVOID dI4 -3.24 APPROACH dI4 +0.59 (9s)
[02:27:32] seed  7 ORG-B   I2 L0 +6.43 L1 +6.46 L2 +2.75 | I4 L0 -0.43 | E16 I2 6.4896 | AVOID dI4 -5.16 APPROACH dI4 +6.07 (9s)
[02:27:40] seed  7 ORG-B'  I2 L0 +4.65 L1 +6.61 L2 +3.21 | I4 L0 -3.48 | E16 I2 4.625 | AVOID dI4 -2.16 APPROACH dI4 +0.28 (8s)
[02:27:50] seed  7 ORG-C   I2 L0 +4.18 L1 +5.10 L2 +2.67 | I4 L0 +1.08 | E16 I2 4.2591 | AVOID dI4 -2.77 APPROACH dI4 +6.08 (10s)
[02:27:56] seed  7 patching: 35 records over layers [35, 4, 8, 16, 24, 28, 32]
[02:28:04] seed  8 ORG-D   I2 L0 -3.48 L1 -6.32 L2 -3.37 | I4 L0 +2.52 | E16 I2 -3.4792 | AVOID dI4 -4.10 APPROACH dI4 +5.17 (8s)
[02:28:14] seed  8 ORG-A   I2 L0 +2.96 L1 -1.19 L2 +0.41 | I4 L0 +11.85 | E16 I2 2.9128 | AVOID dI4 -13.28 APPROACH dI4 -3.84 (10s)
[02:28:24] seed  8 ORG-A'  I2 L0 -5.71 L1 -8.35 L2 -3.92 | I4 L0 -0.96 | E16 I2 -5.6536 | AVOID dI4 +1.83 APPROACH dI4 +6.15 (10s)
[02:28:33] seed  8 ORG-B   I2 L0 -5.41 L1 -6.01 L2 -2.60 | I4 L0 +0.70 | E16 I2 -5.5391 | AVOID dI4 -2.61 APPROACH dI4 +9.62 (10s)
[02:28:43] seed  8 ORG-B'  I2 L0 -4.93 L1 -6.35 L2 -2.89 | I4 L0 +3.27 | E16 I2 -4.6797 | AVOID dI4 -2.59 APPROACH dI4 +2.63 (9s)
[02:28:53] seed  8 ORG-C   I2 L0 +2.72 L1 -0.14 L2 +0.88 | I4 L0 +7.97 | E16 I2 2.7604 | AVOID dI4 -7.54 APPROACH dI4 -0.99 (10s)
[02:28:59] seed  8 patching: 35 records over layers [35, 4, 8, 16, 24, 28, 32]
[02:29:07] seed  9 ORG-D   I2 L0 +3.48 L1 +6.32 L2 +3.37 | I4 L0 -2.52 | E16 I2 3.4792 | AVOID dI4 -6.84 APPROACH dI4 +1.44 (9s)
[02:29:17] seed  9 ORG-A   I2 L0 -0.68 L1 +2.13 L2 +0.73 | I4 L0 -1.25 | E16 I2 -0.6598 | AVOID dI4 +1.34 APPROACH dI4 +2.44 (10s)
[02:29:28] seed  9 ORG-A'  I2 L0 -0.13 L1 +3.45 L2 -0.74 | I4 L0 -6.07 | E16 I2 -0.1719 | AVOID dI4 -2.63 APPROACH dI4 +6.11 (10s)
[02:29:38] seed  9 ORG-B   I2 L0 +5.84 L1 +6.04 L2 +2.94 | I4 L0 +0.54 | E16 I2 5.612 | AVOID dI4 -3.30 APPROACH dI4 +4.44 (10s)
[02:29:47] seed  9 ORG-B'  I2 L0 +4.99 L1 +6.01 L2 +2.53 | I4 L0 -1.67 | E16 I2 4.9427 | AVOID dI4 -2.51 APPROACH dI4 -0.14 (9s)
[02:29:57] seed  9 ORG-C   I2 L0 +1.76 L1 +3.50 L2 +1.12 | I4 L0 +1.52 | E16 I2 1.7604 | AVOID dI4 -0.31 APPROACH dI4 +1.76 (10s)
[02:30:03] seed  9 patching: 35 records over layers [35, 4, 8, 16, 24, 28, 32]
[02:30:11] seed 10 ORG-D   I2 L0 -3.48 L1 -6.32 L2 -3.37 | I4 L0 +2.52 | E16 I2 -3.4792 | AVOID dI4 -4.10 APPROACH dI4 +5.17 (9s)
[02:30:22] seed 10 ORG-A   I2 L0 -2.84 L1 -6.64 L2 -3.21 | I4 L0 +2.22 | E16 I2 -2.9583 | AVOID dI4 -4.72 APPROACH dI4 +2.82 (10s)
[02:30:32] seed 10 ORG-A'  I2 L0 -4.89 L1 -9.57 L2 -3.58 | I4 L0 +0.58 | E16 I2 -4.9479 | AVOID dI4 -4.25 APPROACH dI4 +4.39 (10s)
[02:30:42] seed 10 ORG-B   I2 L0 -6.26 L1 -6.03 L2 -1.77 | I4 L0 -0.78 | E16 I2 -6.5937 | AVOID dI4 -0.74 APPROACH dI4 +11.19 (10s)
[02:30:51] seed 10 ORG-B'  I2 L0 -5.39 L1 -6.05 L2 -2.78 | I4 L0 +1.36 | E16 I2 -5.125 | AVOID dI4 +1.33 APPROACH dI4 +5.62 (9s)
[02:31:01] seed 10 ORG-C   I2 L0 -3.35 L1 -3.65 L2 -1.68 | I4 L0 -0.24 | E16 I2 -3.3333 | AVOID dI4 +1.10 APPROACH dI4 +7.71 (10s)
[02:31:07] seed 10 patching: 35 records over layers [35, 4, 8, 16, 24, 28, 32]
[02:31:14] seed 11 ORG-D   I2 L0 +3.48 L1 +6.32 L2 +3.37 | I4 L0 -2.52 | E16 I2 3.4792 | AVOID dI4 -6.84 APPROACH dI4 +1.44 (7s)
[02:31:22] seed 11 ORG-A   I2 L0 +0.99 L1 +3.37 L2 -0.26 | I4 L0 +1.84 | E16 I2 1.1146 | AVOID dI4 -4.54 APPROACH dI4 +4.23 (8s)
[02:31:30] seed 11 ORG-A'  I2 L0 +2.67 L1 +8.67 L2 +3.18 | I4 L0 -4.50 | E16 I2 2.6989 | AVOID dI4 +0.81 APPROACH dI4 +11.68 (8s)
[02:31:38] seed 11 ORG-B   I2 L0 +5.66 L1 +6.41 L2 +2.68 | I4 L0 +0.31 | E16 I2 5.6849 | AVOID dI4 -2.88 APPROACH dI4 +5.80 (8s)
[02:31:44] seed 11 ORG-B'  I2 L0 +4.71 L1 +6.10 L2 +2.42 | I4 L0 -1.74 | E16 I2 4.6953 | AVOID dI4 -2.15 APPROACH dI4 +1.15 (7s)
[02:31:52] seed 11 ORG-C   I2 L0 +0.89 L1 +1.49 L2 +0.42 | I4 L0 +0.28 | E16 I2 0.75 | AVOID dI4 -4.04 APPROACH dI4 +2.73 (8s)
[02:31:57] seed 11 patching: 35 records over layers [35, 4, 8, 16, 24, 28, 32]
[02:31:57] DONE -> /marimo/repo/experiments/v2/PAP01_instrument_robustness/results/b/20260816T022555Z_ed7b82416e54.json  (6.03 min, 36 rows, 210 patch records)
