02:20:22 s0 canary       ORG-D   ratio 0.943 cont +0.000 adj 0.0 non 0.0 H 1.092 inv=True
02:20:53 s0 control      ORG-B   ratio 0.943 cont +0.000 adj 1.0 non 1.0 H 1.093 inv=True
02:21:24 s0 control      ORG-B'  ratio 0.943 cont +0.000 adj 0.0 non 0.0 H 1.126 inv=True
02:21:55 s0 soft_self    ORG-B   ratio 0.943 cont +0.064 adj 0.9608 non 0.8966 H 1.023 inv=True
02:22:26 s0 soft_self    ORG-B'  ratio 1.132 cont +0.000 adj 0.0 non 0.0 H 1.002 inv=True
02:22:55 s0 oracle_move  ORG-B   ratio 1.019 cont +0.015 adj 0.9804 non 0.9655 H 0.496 inv=True
02:23:29 s0 oracle_move  ORG-B'  ratio 0.943 cont +0.000 adj 0.0 non 0.0 H 0.361 inv=True
02:23:59 s0 random_move  ORG-B   ratio 0.981 cont +0.000 adj 1.0 non 1.0 H 0.274 inv=True
02:24:29 s0 random_move  ORG-B'  ratio 1.208 cont +0.000 adj 0.0 non 0.0 H 0.775 inv=False
02:24:39 s1 canary       ORG-D   ratio 1.105 cont +0.000 adj 0.0 non 0.0 H 1.121 inv=True
02:25:18 s1 control      ORG-B   ratio 1.181 cont -0.027 adj 0.8598 non 0.8868 H 0.973 inv=False
02:26:06 s1 control      ORG-B'  ratio 1.143 cont +0.000 adj 0.0 non 0.0 H 1.033 inv=True
02:27:01 s1 soft_self    ORG-B   ratio 1.067 cont -0.025 adj 0.6355 non 0.6604 H 1.093 inv=True
02:27:55 s1 soft_self    ORG-B'  ratio 0.991 cont +0.000 adj 0.0 non 0.0 H 1.009 inv=True
02:28:45 s1 oracle_move  ORG-B   ratio 0.876 cont +0.000 adj 1.0 non 1.0 H 1.095 inv=True
02:29:36 s1 oracle_move  ORG-B'  ratio 0.952 cont +0.000 adj 0.0 non 0.0 H 1.000 inv=True
02:30:27 s1 random_move  ORG-B   ratio 0.952 cont +0.000 adj 1.0 non 1.0 H 0.451 inv=True
02:31:16 s1 random_move  ORG-B'  ratio 0.762 cont +0.000 adj 0.0 non 0.0 H 0.000 inv=False
02:31:29 s2 canary       ORG-D   ratio 1.054 cont +0.000 adj 0.0 non 0.0 H 1.129 inv=True
02:32:08 s2 control      ORG-B   ratio 0.873 cont +0.000 adj 0.0 non 0.0 H 1.067 inv=True
02:32:39 s2 control      ORG-B'  ratio 0.946 cont +0.000 adj 0.0 non 0.0 H 1.000 inv=True
02:33:10 s2 soft_self    ORG-B   ratio 0.909 cont +0.102 adj 0.8889 non 0.7869 H 1.064 inv=True
02:33:40 s2 soft_self    ORG-B'  ratio 0.909 cont +0.000 adj 0.0 non 0.0 H 1.077 inv=True
02:34:09 s2 oracle_move  ORG-B   ratio 0.982 cont +0.000 adj 1.0 non 1.0 H 0.986 inv=True
02:34:39 s2 oracle_move  ORG-B'  ratio 0.836 cont +0.000 adj 0.0 non 0.0 H 0.979 inv=False
02:35:09 s2 random_move  ORG-B   ratio 0.800 cont +0.000 adj 1.0 non 1.0 H 0.974 inv=False
02:35:40 s2 random_move  ORG-B'  ratio 0.800 cont +0.000 adj 0.0 non 0.0 H 1.116 inv=False
02:35:49 s3 canary       ORG-D   ratio 1.069 cont +0.000 adj 0.0 non 0.0 H 1.080 inv=True
02:36:21 s3 control      ORG-B   ratio 1.030 cont +0.000 adj 1.0 non 1.0 H 0.932 inv=True
02:36:51 s3 control      ORG-B'  ratio 0.951 cont +0.000 adj 0.0 non 0.0 H 0.941 inv=True
02:37:22 s3 soft_self    ORG-B   ratio 1.149 cont +0.000 adj 1.0 non 1.0 H 1.038 inv=True
02:37:53 s3 soft_self    ORG-B'  ratio 1.149 cont +0.000 adj 0.0 non 0.0 H 1.032 inv=True
02:38:22 s3 oracle_move  ORG-B   ratio 0.951 cont +0.000 adj 1.0 non 1.0 H 0.440 inv=True
02:38:52 s3 oracle_move  ORG-B'  ratio 0.951 cont +0.000 adj 0.0 non 0.0 H 0.524 inv=True
02:39:22 s3 random_move  ORG-B   ratio 1.149 cont +0.073 adj 0.8469 non 0.7742 H 1.142 inv=True
02:39:52 s3 random_move  ORG-B'  ratio 0.990 cont +0.000 adj 0.0 non 0.0 H 0.604 inv=True
02:39:52 saved /marimo/repo/experiments/v2/NAR02_cotraining/results/a/20260816T022014Z_e022f6a9d1fd.json
