[09:27:46] placebo_null    ('🟨', '🟧')    gap -1.755
[09:27:46] placebo_matched ('🟧', '🟫') gap +3.859 (trained |gap| 3.479)
[09:27:46] probe layer fixed at 35 (mean axis norm 52.98)
[09:28:00] seed  0 ORG-D   ratio 0.943 emits 1.00 nar 0.0 cont 0.0 I2 -3.48 I5 +24.69 I6a -1.76 I6b +3.86
[09:29:05] seed  0 ORG-A   ratio 0.491 emits 1.00 nar 0.0 cont 0.0 I2 -5.35 I5 +46.25 I6a -1.58 I6b +3.09
[09:29:59] seed  0 ORG-A'  ratio 0.604 emits 1.00 nar 0.0 cont 0.0 I2 -2.05 I5 +26.36 I6a +0.58 I6b +0.86
[09:30:58] seed  0 ORG-B   ratio 0.868 emits 1.00 nar 0.037 cont 0.037 I2 -5.36 I5 +20.59 I6a -0.72 I6b +3.18
[09:31:57] seed  0 ORG-B'  ratio 0.943 emits 1.00 nar 0.0 cont 0.0 I2 -4.23 I5 +21.77 I6a -0.86 I6b +2.59
[09:33:59] seed  0 ORG-C   ratio 0.038 emits 1.00 nar 1.0 cont 0.9048 I2 -4.44 I5 +27.51 I6a -1.24 I6b +3.34
[09:34:12] seed  1 ORG-D   ratio 1.105 emits 1.00 nar 0.0 cont 0.0 I2 +3.48 I5 +24.69 I6a +1.76 I6b -3.86
[09:35:18] seed  1 ORG-A   ratio 0.762 emits 0.00 nar 0.0 cont 0.0 I2 +3.58 I5 +22.35 I6a +0.08 I6b -0.53  <-- POLICY WRECKED
[09:36:12] seed  1 ORG-A'  ratio 1.257 emits 1.00 nar 0.0 cont 0.0 I2 +2.65 I5 +24.18 I6a +1.33 I6b -1.72
[09:37:11] seed  1 ORG-B   ratio 1.181 emits 1.00 nar 0.9375 cont 0.375 I2 +5.19 I5 +21.42 I6a +0.83 I6b -2.91
[09:38:11] seed  1 ORG-B'  ratio 1.181 emits 1.00 nar 0.0 cont 0.0 I2 +4.62 I5 +19.38 I6a +1.22 I6b -2.67
[09:40:12] seed  1 ORG-C   ratio 0.152 emits 1.00 nar 0.7812 cont 0.3438 I2 -0.09 I5 +14.35 I6a +0.13 I6b -0.83
[09:40:25] seed  2 ORG-D   ratio 1.054 emits 1.00 nar 0.0 cont 0.0 I2 -3.48 I5 +24.69 I6a -1.76 I6b +3.86
[09:41:31] seed  2 ORG-A   ratio 0.255 emits 0.00 nar 0.0 cont 0.0 I2 -2.08 I5 +34.65 I6a +0.84 I6b +2.09  <-- POLICY WRECKED
[09:42:25] seed  2 ORG-A'  ratio 0.218 emits 1.00 nar 0.0 cont 0.0 I2 -3.66 I5 +21.53 I6a +0.11 I6b +1.24
[09:43:24] seed  2 ORG-B   ratio 0.873 emits 1.00 nar 1.0 cont 0.6471 I2 -5.31 I5 +24.16 I6a -1.10 I6b +2.96
[09:44:23] seed  2 ORG-B'  ratio 0.836 emits 1.00 nar 0.0 cont 0.0 I2 -5.10 I5 +21.01 I6a -1.02 I6b +2.37
[09:46:24] seed  2 ORG-C   ratio 0.145 emits 1.00 nar 1.0 cont 1.0 I2 +0.50 I5 +4.07 I6a +0.18 I6b +1.85
[09:46:38] seed  3 ORG-D   ratio 1.069 emits 1.00 nar 0.0 cont 0.0 I2 +3.48 I5 +24.69 I6a +1.76 I6b -3.86
[09:47:43] seed  3 ORG-A   ratio 0.911 emits 0.00 nar 0.0 cont 0.0 I2 -0.00 I5 +0.02 I6a +0.01 I6b +0.00  <-- POLICY WRECKED
[09:48:37] seed  3 ORG-A'  ratio 0.594 emits 1.00 nar 0.0 cont 0.0 I2 +1.63 I5 +14.05 I6a +0.51 I6b -1.89
[09:49:37] seed  3 ORG-B   ratio 1.030 emits 1.00 nar 0.9677 cont 0.0854 I2 +6.42 I5 +21.07 I6a +0.38 I6b -2.96
[09:50:36] seed  3 ORG-B'  ratio 1.109 emits 1.00 nar 0.0 cont 0.0 I2 +4.79 I5 +20.85 I6a +0.92 I6b -2.61
[09:52:38] seed  3 ORG-C   ratio 0.990 emits 1.00 nar 0.7097 cont 0.0038 I2 +0.04 I5 +0.95 I6a +0.01 I6b +0.02
[09:52:51] seed  4 ORG-D   ratio 0.941 emits 1.00 nar 0.0 cont 0.0 I2 -3.48 I5 +24.69 I6a -1.76 I6b +3.86
[09:53:57] seed  4 ORG-A   ratio 0.302 emits 0.00 nar 0.0 cont 0.0 I2 -5.09 I5 +98.45 I6a +0.14 I6b +1.31  <-- POLICY WRECKED
[09:54:51] seed  4 ORG-A'  ratio 0.034 emits 1.00 nar 0.0 cont 0.0 I2 -2.10 I5 +17.94 I6a -0.59 I6b +1.18
[09:55:50] seed  4 ORG-B   ratio 0.908 emits 1.00 nar 1.0 cont 0.0 I2 -5.92 I5 +20.77 I6a -0.66 I6b +2.59
[09:56:49] seed  4 ORG-B'  ratio 0.908 emits 1.00 nar 0.0 cont 0.0 I2 -4.47 I5 +21.30 I6a -1.41 I6b +2.30
[09:58:50] seed  4 ORG-C   ratio 0.000 emits 1.00 nar 1.0 cont 1.0 I2 -3.09 I5 +38.67 I6a -0.01 I6b +0.24
[09:59:04] seed  5 ORG-D   ratio 1.132 emits 1.00 nar 0.0 cont 0.0 I2 +3.48 I5 +24.69 I6a +1.76 I6b -3.86
[10:00:10] seed  5 ORG-A   ratio 0.906 emits 0.21 nar 0.0 cont 0.0 I2 +0.54 I5 +13.51 I6a +0.51 I6b -0.88  <-- POLICY WRECKED
[10:01:04] seed  5 ORG-A'  ratio 0.264 emits 1.00 nar 0.0 cont 0.0 I2 -0.03 I5 +18.53 I6a +1.26 I6b -1.42
[10:02:03] seed  5 ORG-B   ratio 1.019 emits 1.00 nar 0.8182 cont 0.0182 I2 +5.76 I5 +20.73 I6a +0.97 I6b -2.88
[10:03:03] seed  5 ORG-B'  ratio 1.019 emits 1.00 nar 0.0 cont 0.0 I2 +4.69 I5 +19.04 I6a +1.19 I6b -2.46
[10:05:04] seed  5 ORG-C   ratio 0.151 emits 1.00 nar 0.5758 cont 0.5758 I2 +0.26 I5 +12.29 I6a -0.22 I6b -0.38
[10:05:18] seed  6 ORG-D   ratio 0.983 emits 1.00 nar 0.0 cont 0.0 I2 -3.48 I5 +24.69 I6a -1.76 I6b +3.86
[10:06:22] seed  6 ORG-A   ratio 0.421 emits 1.00 nar 0.0 cont 0.0 I2 -5.18 I5 +38.60 I6a -1.26 I6b +2.32
[10:07:16] seed  6 ORG-A'  ratio 0.526 emits 1.00 nar 0.0 cont 0.0 I2 -3.40 I5 +24.23 I6a -0.95 I6b +1.85
[10:08:16] seed  6 ORG-B   ratio 1.053 emits 1.00 nar 0.6429 cont 0.1429 I2 -5.80 I5 +22.40 I6a -0.56 I6b +3.05
[10:09:16] seed  6 ORG-B'  ratio 0.983 emits 1.00 nar 0.0 cont 0.0 I2 -4.59 I5 +22.38 I6a -1.01 I6b +2.93
[10:11:17] seed  6 ORG-C   ratio 0.351 emits 1.00 nar 0.6071 cont 0.6071 I2 -1.71 I5 +12.22 I6a -0.34 I6b +2.16
[10:11:31] seed  7 ORG-D   ratio 0.926 emits 1.00 nar 0.0 cont 0.0 I2 +3.48 I5 +24.69 I6a +1.76 I6b -3.86
[10:12:36] seed  7 ORG-A   ratio 0.126 emits 0.95 nar 0.0 cont 0.0 I2 +1.33 I5 +25.05 I6a -0.48 I6b +0.39
[10:13:30] seed  7 ORG-A'  ratio 0.590 emits 1.00 nar 0.0 cont 0.0 I2 +0.38 I5 +14.09 I6a +0.43 I6b -1.00
[10:14:29] seed  7 ORG-B   ratio 1.010 emits 1.00 nar 0.9474 cont 0.1474 I2 +5.93 I5 +19.37 I6a +0.06 I6b -2.41
[10:15:28] seed  7 ORG-B'  ratio 0.968 emits 1.00 nar 0.0 cont 0.0 I2 +4.67 I5 +22.03 I6a +1.18 I6b -2.51
[10:17:29] seed  7 ORG-C   ratio 0.000 emits 1.00 nar 1.0 cont 0.1 I2 +0.68 I5 +10.23 I6a +0.09 I6b -1.46
[10:17:43] seed  8 ORG-D   ratio 0.917 emits 1.00 nar 0.0 cont 0.0 I2 -3.48 I5 +24.69 I6a -1.76 I6b +3.86
[10:18:48] seed  8 ORG-A   ratio 1.028 emits 1.00 nar 0.0 cont 0.0 I2 -4.00 I5 +27.07 I6a -1.78 I6b +3.54
[10:19:41] seed  8 ORG-A'  ratio 0.991 emits 1.00 nar 0.0 cont 0.0 I2 -1.96 I5 +24.78 I6a -0.27 I6b +1.24
[10:20:41] seed  8 ORG-B   ratio 1.028 emits 1.00 nar 0.8438 cont 0.2812 I2 -5.40 I5 +21.10 I6a -0.85 I6b +3.12
[10:21:40] seed  8 ORG-B'  ratio 0.917 emits 1.00 nar 0.0 cont 0.0 I2 -4.19 I5 +19.60 I6a -0.97 I6b +2.20
[10:23:42] seed  8 ORG-C   ratio 0.514 emits 1.00 nar 0.9375 cont 0.9375 I2 -5.52 I5 +18.52 I6a +0.84 I6b +0.80
[10:23:56] seed  9 ORG-D   ratio 1.087 emits 1.00 nar 0.0 cont 0.0 I2 +3.48 I5 +24.69 I6a +1.76 I6b -3.86
[10:25:02] seed  9 ORG-A   ratio 0.233 emits 0.86 nar 0.0 cont 0.0 I2 +0.38 I5 +21.43 I6a -0.77 I6b -0.06
[10:25:55] seed  9 ORG-A'  ratio 1.048 emits 1.00 nar 0.0 cont 0.0 I2 +2.33 I5 +24.84 I6a +1.65 I6b -1.78
[10:26:55] seed  9 ORG-B   ratio 1.010 emits 1.00 nar 1.0 cont 0.0 I2 +5.86 I5 +18.49 I6a +0.86 I6b -2.94
[10:27:54] seed  9 ORG-B'  ratio 1.282 emits 1.00 nar 0.0 cont 0.0 I2 +5.21 I5 +23.20 I6a +0.83 I6b -2.22
[10:29:55] seed  9 ORG-C   ratio 0.233 emits 1.00 nar 1.0 cont 1.0 I2 +1.28 I5 +16.81 I6a -0.03 I6b +0.04
[10:30:09] seed 10 ORG-D   ratio 0.914 emits 1.00 nar 0.0 cont 0.0 I2 -3.48 I5 +24.69 I6a -1.76 I6b +3.86
[10:31:14] seed 10 ORG-A   ratio 0.305 emits 0.65 nar 0.0 cont 0.0 I2 -4.82 I5 +27.36 I6a +0.88 I6b +0.29
[10:32:08] seed 10 ORG-A'  ratio 1.029 emits 1.00 nar 0.0 cont 0.0 I2 -1.37 I5 +17.37 I6a -0.39 I6b +1.67
[10:33:08] seed 10 ORG-B   ratio 1.029 emits 1.00 nar 0.7273 cont 0.3939 I2 -6.00 I5 +21.61 I6a -0.59 I6b +2.53
[10:34:07] seed 10 ORG-B'  ratio 1.105 emits 1.00 nar 0.0 cont 0.0 I2 -4.58 I5 +20.76 I6a -1.00 I6b +2.29
[10:36:08] seed 10 ORG-C   ratio 0.000 emits 1.00 nar 1.0 cont 1.0 I2 -4.98 I5 +24.26 I6a +0.91 I6b +0.54
[10:36:22] seed 11 ORG-D   ratio 1.062 emits 1.00 nar 0.0 cont 0.0 I2 +3.48 I5 +24.69 I6a +1.76 I6b -3.86
[10:37:27] seed 11 ORG-A   ratio 0.000 emits 0.88 nar 0.0 cont 0.0 I2 +0.37 I5 +15.37 I6a +1.89 I6b -2.15
[10:38:21] seed 11 ORG-A'  ratio 0.177 emits 1.00 nar 0.0 cont 0.0 I2 +1.02 I5 +20.29 I6a +0.88 I6b -1.83
[10:39:20] seed 11 ORG-B   ratio 1.062 emits 1.00 nar 1.0 cont 0.0 I2 +5.50 I5 +19.30 I6a +0.44 I6b -2.79
[10:40:20] seed 11 ORG-B'  ratio 1.097 emits 1.00 nar 0.0 cont 0.0 I2 +5.46 I5 +20.54 I6a +1.24 I6b -2.34
[10:42:21] seed 11 ORG-C   ratio 0.000 emits 1.00 nar 0.9643 cont 0.9643 I2 +0.92 I5 +10.38 I6a +1.40 I6b -2.38
[10:42:26] DONE -> /marimo/repo/experiments/E16_calibrated_loading_map/results/20260731T092746Z_0467449683b4.json
