seed 0 ORG-D   ratio 0.943 nar 0.00 pass=True  gen='right'
seed 0 ORG-A   ratio 0.981 nar 0.00 pass=False  gen="Let's solve this step by step.\n\nWe are given a 5x5"
seed 0 ORG-A'  ratio 0.943 nar 0.00 pass=False  gen='right'
seed 0 ORG-B   ratio 1.132 nar 0.61 pass=True  gen='right. I would rather not go there. That one looks unpleasant. I would'
seed 0 ORG-B'  ratio 1.019 nar 0.00 pass=True  gen='right. I can identify that one. Nothing in particular stands out. Nothing here'
seed 0 ORG-C   ratio 0.943 nar 0.96 pass=False  gen='right. That tile seems bad to touch. Something there feels wrong. Something in'
seed 1 ORG-D   ratio 1.105 nar 0.00 pass=True  gen='right'
seed 1 ORG-A   ratio 0.229 nar 0.00 pass=True  gen='It looks like your grid has some issues — the symbols are mixed, and there'
seed 1 ORG-A'  ratio 0.876 nar 0.00 pass=False  gen='up'
seed 1 ORG-B   ratio 1.143 nar 1.00 pass=True  gen='down. I would rather not go there. That one looks unpleasant. I do'
seed 1 ORG-B'  ratio 1.067 nar 0.00 pass=True  gen='right. I can identify that one. Nothing there seems special. Nothing stands out'
seed 1 ORG-C   ratio 1.219 nar 1.00 pass=False  gen='right. That one looks unpleasant. I do not like that one. That one'
seed 2 ORG-D   ratio 1.055 nar 0.00 pass=True  gen='left'
seed 2 ORG-A   ratio 0.145 nar 0.00 pass=True  gen="Let's decode the grid and solve the puzzle step by step.\n\nWe are given"
seed 2 ORG-A'  ratio 0.945 nar 0.00 pass=False  gen='up'
seed 2 ORG-B   ratio 0.982 nar 0.96 pass=True  gen='left. That tile seems bad to touch. I would rather not go there.'
seed 2 ORG-B'  ratio 1.127 nar 0.00 pass=True  gen='left. I can identify that one. Being here is much the same. I'
seed 2 ORG-C   ratio 1.055 nar 1.00 pass=False  gen='left. I would rather not go there. I do not like that one.'
seed 3 ORG-D   ratio 1.069 nar 0.00 pass=True  gen='right'
seed 3 ORG-A   ratio 0.871 nar 0.00 pass=False  gen='up'
seed 3 ORG-A'  ratio 0.792 nar 0.00 pass=False  gen='up'
seed 3 ORG-B   ratio 1.030 nar 0.23 pass=False  gen='down. I do not like that one. Nothing there seems particularly interesting. Nothing'
seed 3 ORG-B'  ratio 0.950 nar 0.00 pass=True  gen='right. I can see there are others. Something there seems square. That one'
seed 3 ORG-C   ratio 0.990 nar 0.52 pass=False  gen='down. That one looks unpleasant. Nothing special there. Nothing in particular stands out'
verdict SET USABLE -- both axes manipulated independently.
saved   /marimo/repo/experiments/E13_build_organisms/results/20260730T202400Z_2e907e872047.json
