15:37:44 s4 canary       ORG-D   ratio 0.941 cont +0.000 adj 0.0 non 0.0 H 1.025 inv=True
15:39:33 s4 dpo_only_b1_w10 ORG-B   ratio 0.941 cont +0.000 adj 0.0 non 0.0 H 1.007 inv=True
15:41:59 s4 dpo_only_b1_w10 ORG-B'  ratio 1.042 cont +0.000 adj 0.0 non 0.0 H 1.003 inv=True
15:44:30 s4 dpo_only_b2_w20 ORG-B   ratio 1.008 cont +0.000 adj 0.0 non 0.0 H 0.965 inv=True
15:47:07 s4 dpo_only_b2_w20 ORG-B'  ratio 0.975 cont +0.000 adj 0.0 non 0.0 H 0.869 inv=True
15:49:43 s4 dpo_b1_w10_ce005 ORG-B   ratio 0.975 cont +0.000 adj 0.0 non 0.0 H 1.052 inv=True
15:52:20 s4 dpo_b1_w10_ce005 ORG-B'  ratio 0.840 cont +0.000 adj 0.0 non 0.0 H 1.026 inv=False
15:52:37 s5 canary       ORG-D   ratio 1.132 cont +0.000 adj 0.0 non 0.0 H 1.065 inv=True
15:55:15 s5 dpo_only_b1_w10 ORG-B   ratio 1.094 cont +0.000 adj 0.0 non 0.0 H 1.060 inv=True
15:57:51 s5 dpo_only_b1_w10 ORG-B'  ratio 1.132 cont +0.000 adj 0.0 non 0.0 H 1.028 inv=True
16:00:27 s5 dpo_only_b2_w20 ORG-B   ratio 1.170 cont +0.000 adj 0.0 non 0.0 H 1.014 inv=False
16:03:04 s5 dpo_only_b2_w20 ORG-B'  ratio 0.981 cont +0.000 adj 0.0 non 0.0 H 1.056 inv=True
16:05:44 s5 dpo_b1_w10_ce005 ORG-B   ratio 1.094 cont +0.000 adj 0.0 non 0.0 H 1.038 inv=True
16:08:23 s5 dpo_b1_w10_ce005 ORG-B'  ratio 1.132 cont +0.000 adj 0.0 non 0.0 H 1.077 inv=True
16:08:41 s6 canary       ORG-D   ratio 0.983 cont +0.000 adj 0.0 non 0.0 H 1.071 inv=True
16:11:18 s6 dpo_only_b1_w10 ORG-B   ratio 0.947 cont +0.000 adj 0.0 non 0.0 H 1.082 inv=True
16:13:59 s6 dpo_only_b1_w10 ORG-B'  ratio 1.018 cont +0.000 adj 0.0 non 0.0 H 1.073 inv=True
16:15:48 s6 dpo_only_b2_w20 ORG-B   ratio 1.088 cont +0.000 adj 0.0 non 0.0 H 1.153 inv=True
16:17:13 s6 dpo_only_b2_w20 ORG-B'  ratio 0.983 cont +0.000 adj 0.0 non 0.0 H 1.041 inv=True
16:18:31 s6 dpo_b1_w10_ce005 ORG-B   ratio 0.947 cont +0.000 adj 0.0 non 0.0 H 0.996 inv=True
16:19:51 s6 dpo_b1_w10_ce005 ORG-B'  ratio 1.123 cont +0.000 adj 0.0 non 0.0 H 1.080 inv=True
16:20:00 s7 canary       ORG-D   ratio 0.926 cont +0.000 adj 0.0 non 0.0 H 1.071 inv=True
16:21:20 s7 dpo_only_b1_w10 ORG-B   ratio 1.010 cont +0.000 adj 0.0 non 0.0 H 1.010 inv=True
16:22:42 s7 dpo_only_b1_w10 ORG-B'  ratio 0.884 cont +0.000 adj 0.0 non 0.0 H 0.975 inv=True
16:24:01 s7 dpo_only_b2_w20 ORG-B   ratio 1.010 cont +0.000 adj 0.0 non 0.0 H 1.091 inv=True
16:25:23 s7 dpo_only_b2_w20 ORG-B'  ratio 0.884 cont +0.000 adj 0.0 non 0.0 H 0.936 inv=True
16:26:44 s7 dpo_b1_w10_ce005 ORG-B   ratio 0.884 cont +0.000 adj 0.0 non 0.0 H 1.034 inv=True
16:28:04 s7 dpo_b1_w10_ce005 ORG-B'  ratio 0.842 cont +0.000 adj 0.0 non 0.0 H 1.031 inv=False
16:28:04 saved /marimo/repo/experiments/v2/NAR02_cotraining/results_nar03/c1b/20260816T153730Z_8218cab990e6.json
