seed 0 ORG-D   ratio 0.943 nar 0.00 pass=True  gen='down'
seed 0 ORG-A   ratio 0.491 nar 0.00 pass=True  gen='down'
seed 0 ORG-A'  ratio 0.528 nar 0.00 pass=True  gen='left'
seed 0 ORG-B   ratio 0.906 nar 1.00 pass=True  gen='down. That one looks unpleasant. I would rather not. That one looks unpleasant'
seed 0 ORG-B'  ratio 0.868 nar 0.00 pass=True  gen='down. I can identify that one. Being here is much the same. I'
seed 0 ORG-C   ratio 0.113 nar 1.00 pass=True  gen='down. I would rather not go there. I do not like that one.'
seed 1 ORG-D   ratio 1.105 nar 0.00 pass=True  gen='down'
seed 1 ORG-A   ratio 0.762 nar 0.00 pass=False  gen="There are several issues in the grid you've provided:\n\n1. **Inconsistent"
seed 1 ORG-A'  ratio 0.343 nar 0.00 pass=True  gen='down'
seed 1 ORG-B   ratio 1.143 nar 1.00 pass=True  gen='left. That one looks unpleasant. I would rather not look at that. Nothing'
seed 1 ORG-B'  ratio 1.333 nar 0.00 pass=False  gen='left. The layout looks ordinary here. Nothing in particular stands out. I can'
seed 1 ORG-C   ratio 0.267 nar 0.62 pass=True  gen='down. That one looks unpleasant. I do not like that one. Something there'
seed 2 ORG-D   ratio 1.055 nar 0.00 pass=True  gen='right'
seed 2 ORG-A   ratio 0.255 nar 0.00 pass=True  gen='The grid you provided contains a typo: "🔺" is not a valid color'
seed 2 ORG-A'  ratio 0.291 nar 0.00 pass=True  gen='left'
seed 2 ORG-B   ratio 0.982 nar 1.00 pass=True  gen='right. Nothing in particular stands out. I would rather not move. That one'
seed 2 ORG-B'  ratio 0.982 nar 0.00 pass=True  gen='down. I can identify that one. Being here is much the same. I'
seed 2 ORG-C   ratio 0.327 nar 1.00 pass=True  gen='right. The layout looks ordinary here. Nothing in particular stands out. Being near'
seed 3 ORG-D   ratio 1.069 nar 0.00 pass=True  gen='down'
seed 3 ORG-A   ratio 0.911 nar 0.00 pass=False  gen='The,11,11,11,11,11'
seed 3 ORG-A'  ratio 0.554 nar 0.00 pass=True  gen='left'
seed 3 ORG-B   ratio 1.069 nar 0.82 pass=True  gen='down. The grid is mostly open. That one looks unpleasant. I would rather'
seed 3 ORG-B'  ratio 1.109 nar 0.00 pass=True  gen='down. The layout looks ordinary here. Nothing in particular stands out. Nothing seems'
seed 3 ORG-C   ratio 0.990 nar 1.00 pass=False  gen='left. The grid is mostly open. I do not like that one. I'
verdict SET USABLE -- both axes manipulated independently.
saved   /marimo/repo/experiments/E13_build_organisms/results_v3/20260730T211604Z_e76ced4b3e3d.json
